.
├── check.txt <- ~home/config/check.txt (READY)
└── test      <- ~home/config/test      (READY)
