.
└── check.txt <- ~home/config/check.txt (READY)
