.
├── show.txt <- ~home/show.txt
└── test     <- ~home/test
