.
├── foo      <- ~home/config/foo
├── show.txt <- ~home/config/show.txt
└── test     <- ~home/config/test
