.
├── home <- user_config_dir/home
└── test <- user_config_dir/test
