.
├── check.txt <- ~home/check.txt (READY)
└── test      <- ~home/test      (READY)
