baseDir: /tmp
targets:
- bar
- foo
options:
  foo:
    baseDir: test
    link: f00
    targets:
    - test
    - testing
    - testdata
