plg: linker: testdata/TestCheck/Execute/fail/targets/nonexistent: target doesn't exist
