check: linker: ~home/dotfiles/nonexistent: target doesn't exist
